Hibernate: drop table Contact if exists
Hibernate: create table Contact (ID bigint generated by default as identity (start with 1), FIRST_NAME varchar(255), LAST_NAME varchar(255), OWNER varchar(255), primary key (ID))
WARN  Behave2UnitGen [AbstractTableMetaData] - Potential problem found: The configured data type factory 'class org.dbunit.dataset.datatype.DefaultDataTypeFactory' might cause problems with the current database 'HSQL Database Engine' (e.g. some datatypes may not be supported properly). In rare cases you might see this message because the list of supported database products is incomplete (list=[derby]). If so please request a java-class update via the forums.If you are using your own IDataTypeFactory extending DefaultDataTypeFactory, ensure that you override getValidDbProducts() to specify the supported database products.
Hibernate: delete from Contact where LAST_NAME=? and OWNER=?
